Microsoft Windows [Version 10.0.22000.2176]
(c) Microsoft Corporation. All rights reserved.

C:\Users\KARTHICKKP>cd C:\Users\KARTHICKKP\OneDrive - Virtusa\New folder\LPIAT25Team3TestAutomation_Selenium\Advance Selenium Assignment

C:\Users\KARTHICKKP\OneDrive - Virtusa\New folder\LPIAT25Team3TestAutomation_Selenium\Advance Selenium Assignment>mvn compile
[INFO] Scanning for projects...
[INFO]
[INFO] -----------------------< Makemytrip:Makemytrip >------------------------
[INFO] Building Makemytrip 0.0.1-SNAPSHOT
[INFO]   from pom.xml
[INFO] --------------------------------[ jar ]---------------------------------
[INFO]
[INFO] --- resources:3.0.2:resources (default-resources) @ Makemytrip ---
[INFO] Using 'UTF-8' encoding to copy filtered resources.
[INFO] skip non existing resourceDirectory C:\Users\KARTHICKKP\OneDrive - Virtusa\New folder\LPIAT25Team3TestAutomation_Selenium\Advance Selenium Assignment\src\main\resources
[INFO]
[INFO] --- compiler:3.8.0:compile (default-compile) @ Makemytrip ---
[INFO] No sources to compile
[INFO] ------------------------------------------------------------------------
[INFO] BUILD SUCCESS
[INFO] ------------------------------------------------------------------------
[INFO] Total time:  1.066 s
[INFO] Finished at: 2023-07-19T15:04:49+05:30
[INFO] ------------------------------------------------------------------------

C:\Users\KARTHICKKP\OneDrive - Virtusa\New folder\LPIAT25Team3TestAutomation_Selenium\Advance Selenium Assignment>mvn test
[INFO] Scanning for projects...
[INFO]
[INFO] -----------------------< Makemytrip:Makemytrip >------------------------
[INFO] Building Makemytrip 0.0.1-SNAPSHOT
[INFO]   from pom.xml
[INFO] --------------------------------[ jar ]---------------------------------
[INFO]
[INFO] --- resources:3.0.2:resources (default-resources) @ Makemytrip ---
[INFO] Using 'UTF-8' encoding to copy filtered resources.
[INFO] skip non existing resourceDirectory C:\Users\KARTHICKKP\OneDrive - Virtusa\New folder\LPIAT25Team3TestAutomation_Selenium\Advance Selenium Assignment\src\main\resources
[INFO]
[INFO] --- compiler:3.8.0:compile (default-compile) @ Makemytrip ---
[INFO] No sources to compile
[INFO]
[INFO] --- resources:3.0.2:testResources (default-testResources) @ Makemytrip ---
[INFO] Using 'UTF-8' encoding to copy filtered resources.
[INFO] skip non existing resourceDirectory C:\Users\KARTHICKKP\OneDrive - Virtusa\New folder\LPIAT25Team3TestAutomation_Selenium\Advance Selenium Assignment\src\test\resources
[INFO]
[INFO] --- compiler:3.8.0:testCompile (default-testCompile) @ Makemytrip ---
[INFO] Nothing to compile - all classes are up to date
[INFO]
[INFO] --- surefire:2.22.1:test (default-test) @ Makemytrip ---
[WARNING] Parameter 'localRepository' is deprecated core expression; Avoid use of ArtifactRepository type. If you need access to local repository, switch to '${repositorySystemSession}' expression and get LRM from it instead.
[INFO]
[INFO] -------------------------------------------------------
[INFO]  T E S T S
[INFO] -------------------------------------------------------
[INFO] Running com.qa.testscripts.TestBase
SLF4J: No SLF4J providers were found.
SLF4J: Defaulting to no-operation (NOP) logger implementation
SLF4J: See https://www.slf4j.org/codes.html#noProviders for further details.
[INFO] Tests run: 0, Failures: 0, Errors: 0, Skipped: 0, Time elapsed: 0.486 s - in com.qa.testscripts.TestBase
[INFO]
[INFO] Results:
[INFO]
[INFO] Tests run: 0, Failures: 0, Errors: 0, Skipped: 0
[INFO]
[INFO] ------------------------------------------------------------------------
[INFO] BUILD SUCCESS
[INFO] ------------------------------------------------------------------------
[INFO] Total time:  3.711 s
[INFO] Finished at: 2023-07-19T15:05:04+05:30
[INFO] ------------------------------------------------------------------------

C:\Users\KARTHICKKP\OneDrive - Virtusa\New folder\LPIAT25Team3TestAutomation_Selenium\Advance Selenium Assignment>mvn surefire-report:report
[INFO] Scanning for projects...
Downloading from central: https://repo.maven.apache.org/maven2/org/apache/maven/plugins/maven-surefire-report-plugin/maven-metadata.xml
Downloaded from central: https://repo.maven.apache.org/maven2/org/apache/maven/plugins/maven-surefire-report-plugin/maven-metadata.xml (1.9 kB at 2.0 kB/s)
Downloading from central: https://repo.maven.apache.org/maven2/org/apache/maven/plugins/maven-surefire-report-plugin/3.1.2/maven-surefire-report-plugin-3.1.2.pom
Downloaded from central: https://repo.maven.apache.org/maven2/org/apache/maven/plugins/maven-surefire-report-plugin/3.1.2/maven-surefire-report-plugin-3.1.2.pom (8.0 kB at 66 kB/s)
Downloading from central: https://repo.maven.apache.org/maven2/org/apache/maven/surefire/surefire/3.1.2/surefire-3.1.2.pom
Downloaded from central: https://repo.maven.apache.org/maven2/org/apache/maven/surefire/surefire/3.1.2/surefire-3.1.2.pom (22 kB at 159 kB/s)
Downloading from central: https://repo.maven.apache.org/maven2/org/apache/maven/plugins/maven-surefire-report-plugin/3.1.2/maven-surefire-report-plugin-3.1.2.jar
Downloaded from central: https://repo.maven.apache.org/maven2/org/apache/maven/plugins/maven-surefire-report-plugin/3.1.2/maven-surefire-report-plugin-3.1.2.jar (45 kB at 287 kB/s)
[INFO]
[INFO] -----------------------< Makemytrip:Makemytrip >------------------------
[INFO] Building Makemytrip 0.0.1-SNAPSHOT
[INFO]   from pom.xml
[INFO] --------------------------------[ jar ]---------------------------------
[INFO]
[INFO] >>> surefire-report:3.1.2:report (default-cli) > [surefire]test @ Makemytrip >>>
[INFO]
[INFO] --- resources:3.0.2:resources (default-resources) @ Makemytrip ---
[INFO] Using 'UTF-8' encoding to copy filtered resources.
[INFO] skip non existing resourceDirectory C:\Users\KARTHICKKP\OneDrive - Virtusa\New folder\LPIAT25Team3TestAutomation_Selenium\Advance Selenium Assignment\src\main\resources
[INFO]
[INFO] --- compiler:3.8.0:compile (default-compile) @ Makemytrip ---
[INFO] No sources to compile
[INFO]
[INFO] --- resources:3.0.2:testResources (default-testResources) @ Makemytrip ---
[INFO] Using 'UTF-8' encoding to copy filtered resources.
[INFO] skip non existing resourceDirectory C:\Users\KARTHICKKP\OneDrive - Virtusa\New folder\LPIAT25Team3TestAutomation_Selenium\Advance Selenium Assignment\src\test\resources
[INFO]
[INFO] --- compiler:3.8.0:testCompile (default-testCompile) @ Makemytrip ---
[INFO] Nothing to compile - all classes are up to date
[INFO]
[INFO] --- surefire:2.22.1:test (default-test) @ Makemytrip ---
[WARNING] Parameter 'localRepository' is deprecated core expression; Avoid use of ArtifactRepository type. If you need access to local repository, switch to '${repositorySystemSession}' expression and get LRM from it instead.
[INFO]
[INFO] -------------------------------------------------------
[INFO]  T E S T S
[INFO] -------------------------------------------------------
[INFO] Running com.qa.testscripts.TestBase
SLF4J: No SLF4J providers were found.
SLF4J: Defaulting to no-operation (NOP) logger implementation
SLF4J: See https://www.slf4j.org/codes.html#noProviders for further details.
[INFO] Tests run: 0, Failures: 0, Errors: 0, Skipped: 0, Time elapsed: 0.404 s - in com.qa.testscripts.TestBase
[INFO]
[INFO] Results:
[INFO]
[INFO] Tests run: 0, Failures: 0, Errors: 0, Skipped: 0
[INFO]
[INFO]
[INFO] <<< surefire-report:3.1.2:report (default-cli) < [surefire]test @ Makemytrip <<<
[INFO]
[INFO]
[INFO] --- surefire-report:3.1.2:report (default-cli) @ Makemytrip ---
Downloading from central: https://repo.maven.apache.org/maven2/org/apache/maven/surefire/surefire-report-parser/3.1.2/surefire-report-parser-3.1.2.pom
Downloaded from central: https://repo.maven.apache.org/maven2/org/apache/maven/surefire/surefire-report-parser/3.1.2/surefire-report-parser-3.1.2.pom (3.0 kB at 24 kB/s)
Downloading from central: https://repo.maven.apache.org/maven2/org/apache/maven/surefire/surefire-logger-api/3.1.2/surefire-logger-api-3.1.2.pom
Downloaded from central: https://repo.maven.apache.org/maven2/org/apache/maven/surefire/surefire-logger-api/3.1.2/surefire-logger-api-3.1.2.pom (3.3 kB at 21 kB/s)
Downloading from central: https://repo.maven.apache.org/maven2/commons-io/commons-io/2.12.0/commons-io-2.12.0.pom
Downloaded from central: https://repo.maven.apache.org/maven2/commons-io/commons-io/2.12.0/commons-io-2.12.0.pom (20 kB at 158 kB/s)
Downloading from central: https://repo.maven.apache.org/maven2/org/apache/commons/commons-parent/57/commons-parent-57.pom
Downloaded from central: https://repo.maven.apache.org/maven2/org/apache/commons/commons-parent/57/commons-parent-57.pom (83 kB at 338 kB/s)
Downloading from central: https://repo.maven.apache.org/maven2/org/apache/maven/doxia/doxia-sink-api/1.11.1/doxia-sink-api-1.11.1.pom
Downloaded from central: https://repo.maven.apache.org/maven2/org/apache/maven/doxia/doxia-sink-api/1.11.1/doxia-sink-api-1.11.1.pom (1.6 kB at 6.8 kB/s)
Downloading from central: https://repo.maven.apache.org/maven2/org/apache/maven/doxia/doxia/1.11.1/doxia-1.11.1.pom
Downloaded from central: https://repo.maven.apache.org/maven2/org/apache/maven/doxia/doxia/1.11.1/doxia-1.11.1.pom (18 kB at 79 kB/s)
C:\Users\KARTHICKKP\OneDrive - Virtusa\New folder\LPIAT25Team3TestAutomation_Selenium\Advance Selenium Assignment>ia-logging-api-1.11.1.pom
Downloaded from central: https://repo.maven.apache.org/maven2/org/apache/maven/doxia/doxia-logging-api/1.11.1/doxia-logging-api-1.11.1.pom (1.6 kB at 14 kB/s)
